//
// AUTO-GENERATED FILE. DO NOT MODIFY.
//
// This class was automatically generated by Apollo GraphQL version '$VERSION'.
//
package com.example.nested_named_fragments.fragment.selections

import com.apollographql.apollo3.api.CompiledField
import com.apollographql.apollo3.api.CompiledFragment
import com.apollographql.apollo3.api.CompiledIDType
import com.apollographql.apollo3.api.CompiledSelection
import com.apollographql.apollo3.api.CompiledStringType
import com.apollographql.apollo3.api.list
import com.apollographql.apollo3.api.notNull
import com.example.nested_named_fragments.type.Person
import com.example.nested_named_fragments.type.StarshipPilotsConnection
import com.example.nested_named_fragments.type.StarshipPilotsEdge
import kotlin.collections.List

public object starshipFragmentSelections {
  private val node: List<CompiledSelection> = listOf(
        CompiledField(
          name = "__typename",
          type = CompiledStringType.notNull()
        ),
        CompiledFragment(
          possibleTypes = listOf("Person"),
          selections = pilotFragmentSelections.root
        )
      )

  private val edges: List<CompiledSelection> = listOf(
        CompiledField(
          name = "node",
          type = Person.type,
          selections = node
        )
      )

  private val pilotConnection: List<CompiledSelection> = listOf(
        CompiledField(
          name = "edges",
          type = StarshipPilotsEdge.type.list(),
          selections = edges
        )
      )

  public val root: List<CompiledSelection> = listOf(
        CompiledField(
          name = "id",
          type = CompiledIDType.notNull()
        ),
        CompiledField(
          name = "name",
          type = CompiledStringType
        ),
        CompiledField(
          name = "pilotConnection",
          type = StarshipPilotsConnection.type,
          selections = pilotConnection
        )
      )
}
