//
// AUTO-GENERATED FILE. DO NOT MODIFY.
//
// This class was automatically generated by Apollo GraphQL version '$VERSION'.
//
package com.example.inline_fragment_merge_fields.selections

import com.apollographql.apollo3.api.CompiledField
import com.apollographql.apollo3.api.CompiledFragment
import com.apollographql.apollo3.api.CompiledSelection
import com.apollographql.apollo3.api.CompiledStringType
import com.apollographql.apollo3.api.list
import com.apollographql.apollo3.api.notNull
import com.example.inline_fragment_merge_fields.type.Character
import com.example.inline_fragment_merge_fields.type.FriendsConnection
import com.example.inline_fragment_merge_fields.type.FriendsEdge
import com.example.inline_fragment_merge_fields.type.URL
import kotlin.collections.List

public object TestQuerySelections {
  private val node: List<CompiledSelection> = listOf(
        CompiledField(
          name = "name",
          type = CompiledStringType.notNull()
        )
      )

  private val edges: List<CompiledSelection> = listOf(
        CompiledField(
          name = "node",
          type = Character.type,
          selections = node
        )
      )

  private val friendsConnection: List<CompiledSelection> = listOf(
        CompiledField(
          name = "edges",
          type = FriendsEdge.type.list(),
          selections = edges
        )
      )

  private val node1: List<CompiledSelection> = listOf(
        CompiledField(
          name = "name",
          type = CompiledStringType.notNull()
        )
      )

  private val edges1: List<CompiledSelection> = listOf(
        CompiledField(
          name = "node",
          type = Character.type,
          selections = node1
        )
      )

  private val friendsConnection1: List<CompiledSelection> = listOf(
        CompiledField(
          name = "edges",
          type = FriendsEdge.type.list(),
          selections = edges1
        )
      )

  private val onCharacter: List<CompiledSelection> = listOf(
        CompiledField(
          name = "name",
          type = CompiledStringType.notNull()
        ),
        CompiledField(
          name = "profileLink",
          type = URL.type.notNull()
        ),
        CompiledField(
          name = "friendsConnection",
          type = FriendsConnection.type.notNull(),
          selections = friendsConnection1
        )
      )

  private val hero: List<CompiledSelection> = listOf(
        CompiledField(
          name = "__typename",
          type = CompiledStringType.notNull()
        ),
        CompiledField(
          name = "name",
          type = CompiledStringType.notNull()
        ),
        CompiledField(
          name = "friendsConnection",
          type = FriendsConnection.type.notNull(),
          selections = friendsConnection
        ),
        CompiledFragment(
          possibleTypes = listOf("Droid", "Human"),
          selections = onCharacter
        )
      )

  public val root: List<CompiledSelection> = listOf(
        CompiledField(
          name = "hero",
          type = Character.type,
          selections = hero
        )
      )
}
