//
// AUTO-GENERATED FILE. DO NOT MODIFY.
//
// This class was automatically generated by Apollo GraphQL version '$VERSION'.
//
package com.example.hero_details.selections

import com.apollographql.apollo3.api.CompiledField
import com.apollographql.apollo3.api.CompiledIntType
import com.apollographql.apollo3.api.CompiledSelection
import com.apollographql.apollo3.api.CompiledStringType
import com.apollographql.apollo3.api.list
import com.apollographql.apollo3.api.notNull
import com.example.hero_details.type.Character
import com.example.hero_details.type.FriendsConnection
import com.example.hero_details.type.FriendsEdge
import com.example.hero_details.type.hero_type
import kotlin.collections.List

public object HeroDetailsSelections {
  private val node: List<CompiledSelection> = listOf(
        CompiledField(
          name = "name",
          type = CompiledStringType.notNull()
        )
      )

  private val edges: List<CompiledSelection> = listOf(
        CompiledField(
          name = "node",
          type = Character.type,
          selections = node
        )
      )

  private val friendsConnection: List<CompiledSelection> = listOf(
        CompiledField(
          name = "totalCount",
          type = CompiledIntType
        ),
        CompiledField(
          name = "edges",
          type = FriendsEdge.type.list(),
          selections = edges
        )
      )

  private val hero: List<CompiledSelection> = listOf(
        CompiledField(
          name = "type",
          type = hero_type.type.notNull()
        ),
        CompiledField(
          name = "name",
          type = CompiledStringType.notNull()
        ),
        CompiledField(
          name = "friendsConnection",
          type = FriendsConnection.type.notNull(),
          selections = friendsConnection
        )
      )

  public val root: List<CompiledSelection> = listOf(
        CompiledField(
          name = "hero",
          type = Character.type,
          selections = hero
        )
      )
}
