//
// AUTO-GENERATED FILE. DO NOT MODIFY.
//
// This class was automatically generated by Apollo GraphQL version '$VERSION'.
//
package com.example.case_sensitive_enum.type

import com.apollographql.apollo3.api.EnumType
import kotlin.Deprecated
import kotlin.String

public sealed class Enum(
  public val rawValue: String
) {
  public companion object {
    public val type: EnumType = EnumType("Enum")
  }

  @Deprecated(message = "No longer supported")
  public object north : Enum(rawValue = "north")

  @Deprecated(message = "No longer supported")
  public object North : Enum(rawValue = "North")

  public object NORTH : Enum(rawValue = "NORTH")

  public object SOUTH : Enum(rawValue = "SOUTH")

  /**
   * Auto generated constant for unknown enum values
   */
  public class UNKNOWN__(
    rawValue: String
  ) : Enum(rawValue = rawValue)
}
