//
// AUTO-GENERATED FILE. DO NOT MODIFY.
//
// This class was automatically generated by Apollo GraphQL version '$VERSION'.
//
package com.example.custom_scalar_type.selections

import com.apollographql.apollo3.api.CompiledField
import com.apollographql.apollo3.api.CompiledSelection
import com.apollographql.apollo3.api.CompiledStringType
import com.apollographql.apollo3.api.list
import com.apollographql.apollo3.api.notNull
import com.example.custom_scalar_type.type.Character
import com.example.custom_scalar_type.type.Date
import com.example.custom_scalar_type.type.URL
import com.example.custom_scalar_type.type.UnsupportedType
import kotlin.collections.List

public object TestQuerySelections {
  private val hero: List<CompiledSelection> = listOf(
        CompiledField(
          name = "name",
          type = CompiledStringType.notNull()
        ),
        CompiledField(
          name = "birthDate",
          type = Date.type.notNull()
        ),
        CompiledField(
          name = "appearanceDates",
          type = Date.type.notNull().list().notNull()
        ),
        CompiledField(
          name = "fieldWithUnsupportedType",
          type = UnsupportedType.type.notNull()
        ),
        CompiledField(
          name = "profileLink",
          type = URL.type.notNull()
        ),
        CompiledField(
          name = "links",
          type = URL.type.notNull().list().notNull()
        )
      )

  public val root: List<CompiledSelection> = listOf(
        CompiledField(
          name = "hero",
          type = Character.type,
          selections = hero
        )
      )
}
