//
// AUTO-GENERATED FILE. DO NOT MODIFY.
//
// This class was automatically generated by Apollo GraphQL version '$VERSION'.
//
package com.example.fragment_with_inline_fragment.fragment.selections

import com.apollographql.apollo3.api.CompiledField
import com.apollographql.apollo3.api.CompiledFragment
import com.apollographql.apollo3.api.CompiledIntType
import com.apollographql.apollo3.api.CompiledSelection
import com.apollographql.apollo3.api.CompiledStringType
import com.apollographql.apollo3.api.list
import com.apollographql.apollo3.api.notNull
import com.example.fragment_with_inline_fragment.type.Character
import com.example.fragment_with_inline_fragment.type.FriendsConnection
import com.example.fragment_with_inline_fragment.type.FriendsEdge
import kotlin.collections.List

public object HeroDetailsSelections {
  private val onDroid: List<CompiledSelection> = listOf(
        CompiledField(
          name = "__typename",
          type = CompiledStringType.notNull()
        ),
        CompiledFragment(
          possibleTypes = listOf("Droid"),
          selections = DroidDetailsSelections.root
        )
      )

  private val node: List<CompiledSelection> = listOf(
        CompiledField(
          name = "name",
          type = CompiledStringType.notNull()
        )
      )

  private val edges: List<CompiledSelection> = listOf(
        CompiledField(
          name = "node",
          type = Character.type,
          selections = node
        )
      )

  private val friendsConnection: List<CompiledSelection> = listOf(
        CompiledField(
          name = "totalCount",
          type = CompiledIntType
        ),
        CompiledField(
          name = "edges",
          type = FriendsEdge.type.list(),
          selections = edges
        )
      )

  public val root: List<CompiledSelection> = listOf(
        CompiledField(
          name = "__typename",
          type = CompiledStringType.notNull()
        ),
        CompiledFragment(
          possibleTypes = listOf("Human"),
          selections = HumanDetailsSelections.root
        ),
        CompiledFragment(
          possibleTypes = listOf("Droid"),
          selections = onDroid
        ),
        CompiledField(
          name = "name",
          type = CompiledStringType.notNull()
        ),
        CompiledField(
          name = "friendsConnection",
          type = FriendsConnection.type.notNull(),
          selections = friendsConnection
        )
      )
}
