//
// AUTO-GENERATED FILE. DO NOT MODIFY.
//
// This class was automatically generated by Apollo GraphQL version '$VERSION'.
//
package com.example.hero_details.type

import com.apollographql.apollo3.api.EnumType
import kotlin.String

/**
 * Lower case enum type name
 */
public sealed class hero_type(
  public val rawValue: String
) {
  public companion object {
    public val type: EnumType = EnumType("hero_type")
  }

  public object human : hero_type(rawValue = "human")

  public object droid : hero_type(rawValue = "droid")

  /**
   * Auto generated constant for unknown enum values
   */
  public class UNKNOWN__(
    rawValue: String
  ) : hero_type(rawValue = rawValue)
}
