//
// AUTO-GENERATED FILE. DO NOT MODIFY.
//
// This class was automatically generated by Apollo GraphQL version '$VERSION'.
//
package com.example.nested_named_fragments.selections

import com.apollographql.apollo3.api.CompiledArgument
import com.apollographql.apollo3.api.CompiledField
import com.apollographql.apollo3.api.CompiledFragment
import com.apollographql.apollo3.api.CompiledSelection
import com.apollographql.apollo3.api.CompiledStringType
import com.apollographql.apollo3.api.list
import com.apollographql.apollo3.api.notNull
import com.example.nested_named_fragments.fragment.selections.starshipFragmentSelections
import com.example.nested_named_fragments.type.Starship
import com.example.nested_named_fragments.type.StarshipsConnection
import com.example.nested_named_fragments.type.StarshipsEdge
import kotlin.collections.List

public object AllStarshipsSelections {
  private val node: List<CompiledSelection> = listOf(
        CompiledField(
          name = "__typename",
          type = CompiledStringType.notNull()
        ),
        CompiledFragment(
          possibleTypes = listOf("Starship"),
          selections = starshipFragmentSelections.root
        )
      )

  private val edges: List<CompiledSelection> = listOf(
        CompiledField(
          name = "node",
          type = Starship.type,
          selections = node
        )
      )

  private val allStarships: List<CompiledSelection> = listOf(
        CompiledField(
          name = "edges",
          type = StarshipsEdge.type.list(),
          selections = edges
        )
      )

  public val root: List<CompiledSelection> = listOf(
        CompiledField(
          name = "allStarships",
          type = StarshipsConnection.type,
          arguments = listOf(
            CompiledArgument("first", 7)
          ),
          selections = allStarships
        )
      )
}
